// Vitest Snapshot v1

exports[`getErrorTemplate > returns correct template 1`] = `
"
        <pre>Error: ups
    at /Users/christianbromann/Sites/WebdriverIO/webdriverio/packages/wdio-browser-runner/tests/vite/utils.test.ts:48:44
    at /Users/christianbromann/Sites/WebdriverIO/webdriverio/node_modules/vitest/dist/chunk-runtime-chain.f993b1dc.js:2293:13
    at /Users/christianbromann/Sites/WebdriverIO/webdriverio/node_modules/vitest/dist/chunk-runtime-chain.f993b1dc.js:2170:26
    at runTest (/Users/christianbromann/Sites/WebdriverIO/webdriverio/node_modules/vitest/dist/chunk-runtime-setup.667a5719.js:1102:42)
    at runSuite (/Users/christianbromann/Sites/WebdriverIO/webdriverio/node_modules/vitest/dist/chunk-runtime-setup.667a5719.js:1200:15)
    at runSuite (/Users/christianbromann/Sites/WebdriverIO/webdriverio/node_modules/vitest/dist/chunk-runtime-setup.667a5719.js:1200:15)
    at runFiles (/Users/christianbromann/Sites/WebdriverIO/webdriverio/node_modules/vitest/dist/chunk-runtime-setup.667a5719.js:1335:5)
    at startTestsNode (/Users/christianbromann/Sites/WebdriverIO/webdriverio/node_modules/vitest/dist/chunk-runtime-setup.667a5719.js:1353:3)
    at /Users/christianbromann/Sites/WebdriverIO/webdriverio/node_modules/vitest/dist/entry.js:98:11
    at Module.withEnv (/Users/christianbromann/Sites/WebdriverIO/webdriverio/node_modules/vitest/dist/chunk-runtime-setup.667a5719.js:890:5)</pre>
        <script type=\\"module\\">
            window.__wdioErrors__ = [{
                filename: \\"/foobar\\",
                message: \`ups\`
            }]
        </script>
    "
`;

exports[`getTemplate > renders template correctly 1`] = `
"
    <!doctype html>
    <html>
        <head>
            <title>WebdriverIO Browser Test</title>
            <link rel=\\"icon\\" type=\\"image/x-icon\\" href=\\"https://webdriver.io/img/favicon.png\\">
            <link rel=\\"stylesheet\\" href=\\"https://unpkg.com/mocha@10.0.0/mocha.css\\">
            <script type=\\"module\\">
                /**
                 * Inject environment variables
                 */
                window.__wdioEnv__ = {}
                window.__wdioSpec__ = '/spec.js'
                window.__wdioEvents__ = []
                /**
                 * listen to window errors during bootstrap phase
                 */
                window.__wdioErrors__ = []
                addEventListener('error', (ev) => window.__wdioErrors__.push({
                    filename: ev.filename,
                    message: ev.message
                }))
            </script>
            
            <script type=\\"module\\">
                some code
                window.Vue = Vue
            </script>
            <script type=\\"module\\">
                some code
                window.VueCompilerDOM = VueCompilerDOM
            </script>
        </head>
        <body>
            <div id=\\"mocha\\"></div>
            <script async type=\\"module\\" src=\\"@wdio/browser-runner/setup\\"></script>
        </body>
    </html>"
`;
